#-----------------------------------------------------------
# xsim v2023.1 (64-bit)
# SW Build 3865809 on Sun May  7 15:05:29 MDT 2023
# IP Build 3864474 on Sun May  7 20:36:21 MDT 2023
# SharedData Build 3865790 on Sun May 07 13:33:03 MDT 2023
# Start of session at: Fri Sep 25 14:44:43 2026
# Process ID: 38376
# Current directory: E:/biancheng/vscode/Z100/FPGA/fpga_competition_2026/sim/work/window_a2
# Command line: xsim.exe -log E:\biancheng\vscode\Z100\FPGA\fpga_competition_2026\sim\results\detection_a2_unit.log -mode tcl -source {xsim.dir/a2_sim/xsim_script.tcl}
# Log file: E:/biancheng/vscode/Z100/FPGA/fpga_competition_2026/sim/results/detection_a2_unit.log
# Journal file: E:/biancheng/vscode/Z100/FPGA/fpga_competition_2026/sim/work/window_a2\xsim.jou
# Running On: zhangbo, OS: Windows, CPU Frequency: 2495 MHz, CPU Physical cores: 32, Host memory: 33605 MB
#-----------------------------------------------------------
source xsim.dir/a2_sim/xsim_script.tcl
# xsim {a2_sim} -autoloadwcfg -runall
Time resolution is 1 ps
run -all
UNIT 0/3184 frames
UNIT 200/3184 frames
UNIT 400/3184 frames
UNIT 600/3184 frames
UNIT 800/3184 frames
UNIT 1000/3184 frames
UNIT 1200/3184 frames
UNIT 1400/3184 frames
UNIT 1600/3184 frames
UNIT 1800/3184 frames
UNIT 2000/3184 frames
UNIT 2200/3184 frames
UNIT 2400/3184 frames
UNIT 2600/3184 frames
UNIT 2800/3184 frames
UNIT 3000/3184 frames
PASS: window scanner 3184 frames 3048498 windows 17 error checks; busy protection and reset recovery
$finish called at time : 4521735620 ns : File "E:/biancheng/vscode/Z100/FPGA/fpga_competition_2026/sim/tb_window_accel.sv" Line 88
run: Time (s): cpu = 00:00:00 ; elapsed = 00:02:46 . Memory (MB): peak = 206.527 ; gain = 0.000
exit
INFO: xsimkernel Simulation Memory Usage: 10352 KB (Peak: 10352 KB), Simulation CPU Usage: 162734 ms
INFO: [Common 17-206] Exiting xsim at Fri Sep 25 14:47:30 2026...
