#-----------------------------------------------------------
# xsim v2023.1 (64-bit)
# SW Build 3865809 on Sun May  7 15:05:29 MDT 2023
# IP Build 3864474 on Sun May  7 20:36:21 MDT 2023
# SharedData Build 3865790 on Sun May 07 13:33:03 MDT 2023
# Start of session at: Fri Sep 25 16:54:21 2026
# Process ID: 13736
# Current directory: E:/biancheng/vscode/Z100/FPGA/fpga_competition_2026/sim/work/selector_a5
# Command line: xsim.exe -log E:\biancheng\vscode\Z100\FPGA\fpga_competition_2026\sim\results\detection_a5_selector.log -mode tcl -source {xsim.dir/a5_sim/xsim_script.tcl}
# Log file: E:/biancheng/vscode/Z100/FPGA/fpga_competition_2026/sim/results/detection_a5_selector.log
# Journal file: E:/biancheng/vscode/Z100/FPGA/fpga_competition_2026/sim/work/selector_a5\xsim.jou
# Running On: zhangbo, OS: Windows, CPU Frequency: 2495 MHz, CPU Physical cores: 32, Host memory: 33605 MB
#-----------------------------------------------------------
source xsim.dir/a5_sim/xsim_script.tcl
# xsim {a5_sim} -autoloadwcfg -runall
Time resolution is 1 ps
run -all
PASS: exact peak selector 1009 cases 16488 statistics; thresholds, ties, full-width products, clear and pipeline reset
$finish called at time : 1730380 ns : File "E:/biancheng/vscode/Z100/FPGA/fpga_competition_2026/sim/tb_peak_selector.sv" Line 54
exit
INFO: [Common 17-206] Exiting xsim at Fri Sep 25 16:54:22 2026...
