Copyright 1986-2022 Xilinx, Inc. All Rights Reserved. Copyright 2022-2023 Advanced Micro Devices, Inc. All Rights Reserved.
---------------------------------------------------------------------------------------------------------------------------------------------
| Tool Version : Vivado v.2023.1 (win64) Build 3865809 Sun May  7 15:05:29 MDT 2023
| Date         : Fri Sep 25 16:44:09 2026
| Host         : zhangbo running 64-bit major release  (build 9200)
| Command      : report_clocks -file E:/biancheng/vscode/Z100/FPGA/fpga_competition_2026/build/reports/riscv_0000A501/clocks.rpt
| Design       : riscv_top
| Device       : 7z100-ffg900
| Speed File   : -2  PRODUCTION 1.12 2019-11-22
| Design State : Routed
---------------------------------------------------------------------------------------------------------------------------------------------

Clock Report


Attributes
  P: Propagated
  G: Generated
  A: Auto-derived
  R: Renamed
  V: Virtual
  I: Inverted
  S: Pin phase-shifted with Latency mode

Clock         Period(ns)  Waveform(ns)    Attributes  Sources
sys_clk_p     10.000      {0.000 5.000}   P           {sys_clk_p}
clk_50_raw    20.000      {0.000 10.000}  P,G,A       {u_mmcm/CLKOUT0}
clk_feedback  10.000      {0.000 5.000}   P,G,A       {u_mmcm/CLKFBOUT}


====================================================
Generated Clocks
====================================================

Generated Clock     : clk_50_raw
Master Source       : u_mmcm/CLKIN1
Master Clock        : sys_clk_p
Edges               : {1 2 3}
Edge Shifts(ns)     : {0.000 5.000 10.000}
Generated Sources   : {u_mmcm/CLKOUT0}

Generated Clock     : clk_feedback
Master Source       : u_mmcm/CLKIN1
Master Clock        : sys_clk_p
Multiply By         : 1
Generated Sources   : {u_mmcm/CLKFBOUT}



====================================================
User Uncertainty
====================================================



====================================================
User Jitter
====================================================


